0.155: [GC 20981K->11663K(4020224K), 0.0030048 secs]
0.158: [Full GC 11663K->6423K(4020224K), 0.0172570 secs]
0.207: [GC 48386K->6965K(4020224K), 0.0007391 secs]
0.208: [Full GC 6965K->6427K(4020224K), 0.0129532 secs]
0.388: [GC 48391K->13344K(4020224K), 0.0020610 secs]
0.390: [Full GC 13344K->7707K(4020224K), 0.0159696 secs]
0.414: [GC 28689K->7931K(4020224K), 0.0005073 secs]
0.415: [Full GC 7931K->1967K(4020224K), 0.0192609 secs]
0.442: [GC 22949K->7257K(4020224K), 0.0013132 secs]
0.443: [Full GC 7257K->7000K(4020224K), 0.0097589 secs]
0.458: [GC 27982K->7160K(4020224K), 0.0005881 secs]
0.459: [Full GC 7160K->1941K(4020224K), 0.0103868 secs]
0.474: [GC 22923K->7264K(4020224K), 0.0012762 secs]
0.476: [Full GC 7264K->7007K(4020224K), 0.0099018 secs]
0.490: [GC 27989K->7103K(4020224K), 0.0004449 secs]
0.491: [Full GC 7103K->1948K(4020224K), 0.0098291 secs]
0.507: [GC 22930K->7207K(4020224K), 0.0013194 secs]
0.508: [Full GC 7207K->7008K(4020224K), 0.0094333 secs]
0.522: [GC 48972K->7136K(4020224K), 0.0005042 secs]
0.523: [Full GC 7136K->1960K(4020224K), 0.0098856 secs]
0.540: [GC 22941K->7218K(4020224K), 0.0013117 secs]
0.541: [Full GC 7218K->7015K(4020224K), 0.0105654 secs]
0.556: [GC 27997K->7111K(4020224K), 0.0004946 secs]
0.556: [Full GC 7111K->1955K(4020224K), 0.0098763 secs]
0.571: [GC 22937K->7213K(4020224K), 0.0012946 secs]
0.573: [Full GC 7213K->7019K(4020224K), 0.0095535 secs]
0.586: [GC 28001K->7147K(4020224K), 0.0082375 secs]
0.594: [Full GC 7147K->1964K(4020224K), 0.0102137 secs]
0.611: [GC 22946K->7254K(4020224K), 0.0013188 secs]
0.612: [Full GC 7254K->7025K(4020224K), 0.0095386 secs]
0.625: [GC 28007K->7121K(4020224K), 0.0004405 secs]
0.625: [Full GC 7121K->1967K(4020224K), 0.0099369 secs]
0.640: [GC 22949K->7289K(4020224K), 0.0012856 secs]
0.641: [Full GC 7289K->7031K(4020224K), 0.0096887 secs]
0.654: [GC 28012K->7159K(4020224K), 0.0004794 secs]
0.655: [Full GC 7159K->1973K(4020224K), 0.0098959 secs]
0.670: [GC 22955K->7264K(4020224K), 0.0012700 secs]
0.671: [Full GC 7264K->7036K(4020224K), 0.0097586 secs]
0.684: [GC 28018K->7164K(4020224K), 0.0004548 secs]
0.684: [Full GC 7164K->1980K(4020224K), 0.0103691 secs]
0.700: [GC 22962K->7238K(4020224K), 0.0012921 secs]
0.701: [Full GC 7238K->7042K(4020224K), 0.0098735 secs]
0.714: [GC 28024K->7138K(4020224K), 0.0004592 secs]
0.715: [Full GC 7138K->1986K(4020224K), 0.0102569 secs]
0.730: [GC 22968K->7277K(4020224K), 0.0012731 secs]
0.732: [Full GC 7277K->7049K(4020224K), 0.0099922 secs]
0.744: [GC 28031K->7145K(4020224K), 0.0004530 secs]
0.744: [Full GC 7145K->1983K(4020224K), 0.0102128 secs]
0.759: [GC 22965K->7305K(4020224K), 0.0012474 secs]
0.761: [Full GC 7305K->7055K(4020224K), 0.0099195 secs]
0.773: [GC 28036K->7151K(4020224K), 0.0004455 secs]
0.774: [Full GC 7151K->1991K(4020224K), 0.0100904 secs]
0.788: [GC 22973K->7282K(4020224K), 0.0012415 secs]
0.789: [Full GC 7282K->7059K(4020224K), 0.0100304 secs]
0.802: [GC 28041K->7155K(4020224K), 0.0004253 secs]
0.802: [Full GC 7155K->1989K(4020224K), 0.0103169 secs]
0.817: [GC 22971K->7251K(4020224K), 0.0013331 secs]
0.818: [Full GC 7251K->7070K(4020224K), 0.0100522 secs]
0.835: [GC 28052K->7326K(4020224K), 0.0005406 secs]
0.835: [Full GC 7326K->2095K(4020224K), 0.0107583 secs]
0.861: [GC 23077K->7389K(4020224K), 0.0015139 secs]
0.863: [Full GC 7389K->7083K(4020224K), 0.0149270 secs]
0.882: [GC 28065K->7275K(4020224K), 0.0004697 secs]
0.882: [Full GC 7275K->2067K(4020224K), 0.0110985 secs]
0.904: [GC 23048K->7361K(4020224K), 0.0013306 secs]
0.905: [Full GC 7361K->7092K(4020224K), 0.0109146 secs]
0.919: [GC 28074K->7220K(4020224K), 0.0004924 secs]
0.920: [Full GC 7220K->2042K(4020224K), 0.0109339 secs]
0.937: [GC 23023K->7336K(4020224K), 0.0013182 secs]
0.939: [Full GC 7336K->7107K(4020224K), 0.0104772 secs]
0.952: [GC 28089K->7203K(4020224K), 0.0004309 secs]
0.952: [Full GC 7203K->2048K(4020224K), 0.0108152 secs]
0.970: [GC 23029K->12686K(4020224K), 0.0014872 secs]
0.972: [Full GC 12686K->7342K(4020224K), 0.0104719 secs]
1.008: [GC 28324K->8302K(4020224K), 0.0008152 secs]
1.008: [Full GC 8302K->8232K(4020224K), 0.0136650 secs]
1.087: [GC 29214K->19127K(4020224K), 0.0020079 secs]
1.089: [Full GC 19127K->7464K(4020224K), 0.0112706 secs]
1.113: [GC 28446K->7976K(4020224K), 0.0006276 secs]
1.114: [Full GC 7976K->7912K(4020224K), 0.0140157 secs]
1.141: [GC 28894K->18486K(4020224K), 0.0017227 secs]
1.143: [Full GC 18486K->7514K(4020224K), 0.0128010 secs]
1.164: [GC 28496K->7802K(4020224K), 0.0016444 secs]
1.166: [Full GC 7802K->7763K(4020224K), 0.0212597 secs]
1.193: [GC 28745K->18306K(4020224K), 0.0017438 secs]
1.195: [Full GC 18306K->7539K(4020224K), 0.0210510 secs]
1.226: [GC 28521K->7891K(4020224K), 0.0027606 secs]
1.229: [Full GC 7891K->7858K(4020224K), 0.0214309 secs]
1.264: [GC 28840K->18464K(4020224K), 0.0044106 secs]
1.269: [Full GC 18464K->7580K(4020224K), 0.0113194 secs]
1.288: [GC 28562K->7740K(4020224K), 0.0035345 secs]
1.292: [Full GC 7740K->7722K(4020224K), 0.0133814 secs]
1.309: [GC 28703K->18058K(4020224K), 0.0116232 secs]
1.321: [Full GC 18058K->7371K(4020224K), 0.0142702 secs]
1.338: [GC 28353K->7531K(4020224K), 0.0005791 secs]
1.338: [Full GC 7531K->7461K(4020224K), 0.0120830 secs]
1.358: [GC 28444K->12891K(4020224K), 0.0014083 secs]
1.359: [Full GC 12891K->7581K(4020224K), 0.0200226 secs]
1.396: [GC 28563K->8605K(4020224K), 0.0097048 secs]
1.406: [Full GC 8605K->3426K(4020224K), 0.0220784 secs]
1.431: [GC 24408K->8887K(4020224K), 0.0014757 secs]
1.433: [Full GC 8887K->8837K(4020224K), 0.0213706 secs]
1.463: [GC 29819K->9125K(4020224K), 0.0006226 secs]
1.463: [Full GC 9125K->3965K(4020224K), 0.0167254 secs]
1.499: [GC 24947K->9490K(4020224K), 0.0108304 secs]
1.510: [Full GC 9490K->7688K(4020224K), 0.0210749 secs]
1.536: [GC 28670K->7976K(4020224K), 0.0006067 secs]
1.536: [Full GC 7976K->2804K(4020224K), 0.0206862 secs]
1.561: [GC 23786K->13227K(4020224K), 0.0015500 secs]
1.562: [Full GC 13227K->7536K(4020224K), 0.0125127 secs]
1.576: [GC 28518K->7696K(4020224K), 0.0004881 secs]
1.577: [Full GC 7696K->7637K(4020224K), 0.0202876 secs]
1.602: [GC 28619K->12885K(4020224K), 0.0013474 secs]
1.604: [Full GC 12885K->7506K(4020224K), 0.0127945 secs]
1.618: [GC 28488K->7570K(4020224K), 0.0004641 secs]
1.618: [Full GC 7570K->2438K(4020224K), 0.0122477 secs]
1.635: [GC 23420K->12832K(4020224K), 0.0014779 secs]
1.636: [Full GC 12832K->7523K(4020224K), 0.0155036 secs]
1.653: [GC 28505K->7651K(4020224K), 0.0005344 secs]
1.653: [Full GC 7651K->7609K(4020224K), 0.0139086 secs]
1.672: [GC 28591K->18297K(4020224K), 0.0051491 secs]
1.678: [Full GC 18297K->7868K(4020224K), 0.0295765 secs]
1.716: [GC 28850K->8572K(4020224K), 0.0009392 secs]
1.717: [Full GC 8572K->8498K(4020224K), 0.0410289 secs]
1.773: [GC 29480K->18947K(4020224K), 0.0017451 secs]
1.775: [Full GC 18947K->7644K(4020224K), 0.0253954 secs]
1.802: [GC 28626K->7868K(4020224K), 0.0005921 secs]
1.803: [Full GC 7868K->7826K(4020224K), 0.0236050 secs]
1.839: [GC 28808K->18309K(4020224K), 0.0107919 secs]
1.850: [Full GC 18309K->7778K(4020224K), 0.0239415 secs]
1.882: [GC 28760K->8834K(4020224K), 0.0109547 secs]
1.893: [Full GC 8834K->8802K(4020224K), 0.0216670 secs]
1.936: [GC 29784K->19232K(4020224K), 0.0016901 secs]
1.937: [Full GC 19232K->7859K(4020224K), 0.0145840 secs]
1.953: [GC 28841K->7955K(4020224K), 0.0005378 secs]
1.954: [Full GC 7955K->7898K(4020224K), 0.0171287 secs]
1.975: [GC 28880K->18297K(4020224K), 0.0020076 secs]
1.977: [Full GC 18297K->7855K(4020224K), 0.0109118 secs]
1.989: [GC 28837K->7919K(4020224K), 0.0004806 secs]
1.989: [Full GC 7919K->7904K(4020224K), 0.0120268 secs]
2.005: [GC 28885K->18302K(4020224K), 0.0081493 secs]
2.013: [Full GC 18302K->7859K(4020224K), 0.0109311 secs]
2.025: [GC 28841K->8019K(4020224K), 0.0005111 secs]
2.025: [Full GC 8019K->7952K(4020224K), 0.0121756 secs]
2.043: [GC 49916K->18350K(4020224K), 0.0017945 secs]
2.045: [Full GC 18350K->7872K(4020224K), 0.0215623 secs]
2.067: [GC 28854K->7936K(4020224K), 0.0004635 secs]
2.067: [Full GC 7936K->7924K(4020224K), 0.0129380 secs]
2.084: [GC 49888K->18292K(4020224K), 0.0098129 secs]
2.094: [Full GC 18292K->7864K(4020224K), 0.0123431 secs]
2.107: [GC 28846K->7928K(4020224K), 0.0004685 secs]
2.108: [Full GC 7928K->7889K(4020224K), 0.0128057 secs]
2.124: [GC 28871K->13105K(4020224K), 0.0015223 secs]
2.126: [Full GC 13105K->7859K(4020224K), 0.0116854 secs]
2.139: [GC 28841K->7923K(4020224K), 0.0004983 secs]
2.139: [Full GC 7923K->2771K(4020224K), 0.0147775 secs]
2.158: [GC 23753K->13107K(4020224K), 0.0029315 secs]
2.161: [Full GC 13107K->7872K(4020224K), 0.0176177 secs]
2.184: [GC 28854K->8064K(4020224K), 0.0010476 secs]
2.185: [Full GC 8064K->7983K(4020224K), 0.0132748 secs]
2.205: [GC 28965K->18607K(4020224K), 0.0020073 secs]
2.207: [Full GC 18607K->8150K(4020224K), 0.0222918 secs]
2.230: [GC 29132K->8246K(4020224K), 0.0005076 secs]
2.230: [Full GC 8246K->8182K(4020224K), 0.0140934 secs]
2.248: [GC 29164K->18567K(4020224K), 0.0021769 secs]
2.250: [Full GC 18567K->8151K(4020224K), 0.0132900 secs]
2.264: [GC 29133K->8215K(4020224K), 0.0004505 secs]
2.265: [Full GC 8215K->8189K(4020224K), 0.0258064 secs]
2.296: [GC 29171K->18643K(4020224K), 0.0018988 secs]
2.297: [Full GC 18643K->8243K(4020224K), 0.0236560 secs]
2.323: [GC 29225K->8403K(4020224K), 0.0004626 secs]
2.323: [Full GC 8403K->8307K(4020224K), 0.0199580 secs]
2.347: [GC 29289K->18716K(4020224K), 0.0016366 secs]
2.349: [Full GC 18716K->8187K(4020224K), 0.0141183 secs]
2.364: [GC 29169K->8411K(4020224K), 0.0005685 secs]
2.365: [Full GC 8411K->8356K(4020224K), 0.0232667 secs]
2.393: [GC 29337K->18809K(4020224K), 0.0017786 secs]
2.395: [Full GC 18809K->8261K(4020224K), 0.0210364 secs]
2.417: [GC 29243K->8389K(4020224K), 0.0005384 secs]
2.418: [Full GC 8389K->8343K(4020224K), 0.0156064 secs]
2.438: [GC 29325K->18765K(4020224K), 0.0114946 secs]
2.449: [Full GC 18765K->8269K(4020224K), 0.0139347 secs]
2.464: [GC 29251K->8429K(4020224K), 0.0005160 secs]
2.465: [Full GC 8429K->8343K(4020224K), 0.0153203 secs]
2.484: [GC 29325K->18797K(4020224K), 0.0097928 secs]
2.494: [Full GC 18797K->8276K(4020224K), 0.0145051 secs]
2.510: [GC 29258K->8436K(4020224K), 0.0004909 secs]
2.510: [Full GC 8436K->8349K(4020224K), 0.0150565 secs]
2.530: [GC 29330K->18770K(4020224K), 0.0034003 secs]
2.533: [Full GC 18770K->8279K(4020224K), 0.0154247 secs]
2.550: [GC 29261K->8439K(4020224K), 0.0004955 secs]
2.550: [Full GC 8439K->8365K(4020224K), 0.0164045 secs]
2.571: [GC 29347K->18819K(4020224K), 0.0016313 secs]
2.572: [Full GC 18819K->8286K(4020224K), 0.0152103 secs]
2.589: [GC 29268K->8478K(4020224K), 0.0005238 secs]
2.589: [Full GC 8478K->8372K(4020224K), 0.0155104 secs]
2.609: [GC 29354K->18793K(4020224K), 0.0112815 secs]
2.620: [Full GC 18793K->8291K(4020224K), 0.0143137 secs]
2.636: [GC 29273K->8483K(4020224K), 0.0004791 secs]
2.636: [Full GC 8483K->8381K(4020224K), 0.0154722 secs]
2.656: [GC 29362K->18834K(4020224K), 0.0016397 secs]
2.657: [Full GC 18834K->8302K(4020224K), 0.0119675 secs]
2.671: [GC 29284K->8462K(4020224K), 0.0104803 secs]
2.681: [Full GC 8462K->8406K(4020224K), 0.0117382 secs]
2.698: [GC 29388K->18835K(4020224K), 0.0018749 secs]
2.700: [Full GC 18835K->8287K(4020224K), 0.0121141 secs]
2.716: [GC 29269K->8703K(4020224K), 0.0041435 secs]
2.720: [Full GC 8703K->8685K(4020224K), 0.0183276 secs]
2.752: [GC 29667K->19235K(4020224K), 0.0034743 secs]
2.756: [Full GC 19235K->8379K(4020224K), 0.0258636 secs]
2.783: [GC 29361K->8507K(4020224K), 0.0005347 secs]
2.783: [Full GC 8507K->8452K(4020224K), 0.0114247 secs]
2.799: [GC 29434K->18906K(4020224K), 0.0016335 secs]
2.801: [Full GC 18906K->8382K(4020224K), 0.0122465 secs]
2.814: [GC 29364K->8542K(4020224K), 0.0004881 secs]
2.815: [Full GC 8542K->8455K(4020224K), 0.0109587 secs]
2.831: [GC 29437K->18876K(4020224K), 0.0116164 secs]
2.842: [Full GC 18876K->8386K(4020224K), 0.0129007 secs]
2.856: [GC 29368K->8546K(4020224K), 0.0004980 secs]
2.857: [Full GC 8546K->8477K(4020224K), 0.0121371 secs]
2.873: [GC 29459K->18898K(4020224K), 0.0117081 secs]
2.885: [Full GC 18898K->8392K(4020224K), 0.0128647 secs]
2.899: [GC 29374K->8552K(4020224K), 0.0005182 secs]
2.900: [Full GC 8552K->8470K(4020224K), 0.0125108 secs]
2.917: [GC 29451K->18891K(4020224K), 0.0115810 secs]
2.928: [Full GC 18891K->8395K(4020224K), 0.0225130 secs]
2.952: [GC 29377K->8555K(4020224K), 0.0004971 secs]
2.952: [Full GC 8555K->8472K(4020224K), 0.0210562 secs]
2.978: [GC 29454K->18893K(4020224K), 0.0020231 secs]
2.980: [Full GC 18893K->8402K(4020224K), 0.0202942 secs]
3.002: [GC 29383K->8562K(4020224K), 0.0005145 secs]
3.002: [Full GC 8562K->8474K(4020224K), 0.0111840 secs]
3.018: [GC 29456K->18896K(4020224K), 0.0019892 secs]
3.020: [Full GC 18896K->8405K(4020224K), 0.0128498 secs]
3.034: [GC 29387K->8565K(4020224K), 0.0005114 secs]
3.035: [Full GC 8565K->8497K(4020224K), 0.0125879 secs]
3.052: [GC 29478K->18950K(4020224K), 0.0047216 secs]
3.056: [Full GC 18950K->8410K(4020224K), 0.0112486 secs]
3.069: [GC 29392K->8570K(4020224K), 0.0017364 secs]
3.071: [Full GC 8570K->8527K(4020224K), 0.0116062 secs]
3.086: [GC 29508K->18980K(4020224K), 0.0015500 secs]
3.088: [Full GC 18980K->8423K(4020224K), 0.0111168 secs]
3.100: [GC 29405K->8583K(4020224K), 0.0005086 secs]
3.101: [Full GC 8583K->8540K(4020224K), 0.0194584 secs]
3.125: [GC 29521K->18993K(4020224K), 0.0030291 secs]
3.128: [Full GC 18993K->8436K(4020224K), 0.0124288 secs]
3.141: [GC 29418K->8596K(4020224K), 0.0101016 secs]
3.151: [Full GC 8596K->8508K(4020224K), 0.0131710 secs]
3.168: [GC 50471K->18929K(4020224K), 0.0018367 secs]
3.170: [Full GC 18929K->8439K(4020224K), 0.0132875 secs]
3.184: [GC 29421K->8535K(4020224K), 0.0107176 secs]
3.195: [Full GC 8535K->8510K(4020224K), 0.0126569 secs]
3.212: [GC 29492K->18964K(4020224K), 0.0018448 secs]
3.214: [Full GC 18964K->8442K(4020224K), 0.0123738 secs]
3.227: [GC 29424K->8602K(4020224K), 0.0005167 secs]
3.228: [Full GC 8602K->8539K(4020224K), 0.0114788 secs]
3.244: [GC 29521K->18907K(4020224K), 0.0017739 secs]
3.246: [Full GC 18907K->8385K(4020224K), 0.0163001 secs]
3.263: [GC 29367K->8481K(4020224K), 0.0004781 secs]
3.264: [Full GC 8481K->8419K(4020224K), 0.0115459 secs]
3.279: [GC 29401K->18787K(4020224K), 0.0017339 secs]
3.281: [Full GC 18787K->8394K(4020224K), 0.0124987 secs]
3.294: [GC 29376K->8458K(4020224K), 0.0004753 secs]
3.295: [Full GC 8458K->8436K(4020224K), 0.0128532 secs]
3.311: [GC 29418K->18804K(4020224K), 0.0016174 secs]
3.313: [Full GC 18804K->8391K(4020224K), 0.0224443 secs]
3.336: [GC 29373K->8487K(4020224K), 0.0012213 secs]
3.337: [Full GC 8487K->8446K(4020224K), 0.0126656 secs]
3.354: [GC 29427K->18846K(4020224K), 0.0015114 secs]
3.355: [Full GC 18846K->8400K(4020224K), 0.0112113 secs]
3.367: [GC 29382K->8464K(4020224K), 0.0101500 secs]
3.377: [Full GC 8464K->8435K(4020224K), 0.0127466 secs]
3.394: [GC 29417K->18803K(4020224K), 0.0015220 secs]
3.396: [Full GC 18803K->8407K(4020224K), 0.0140418 secs]
3.410: [GC 29389K->8471K(4020224K), 0.0004623 secs]
3.411: [Full GC 8471K->8442K(4020224K), 0.0163598 secs]
3.431: [GC 29424K->18810K(4020224K), 0.0016161 secs]
3.433: [Full GC 18810K->8428K(4020224K), 0.0119488 secs]
3.445: [GC 29410K->8524K(4020224K), 0.0012831 secs]
3.447: [Full GC 8524K->8474K(4020224K), 0.0118438 secs]
3.462: [GC 29456K->18842K(4020224K), 0.0015437 secs]
3.464: [Full GC 18842K->8423K(4020224K), 0.0113834 secs]
3.476: [GC 29405K->8551K(4020224K), 0.0005570 secs]
3.476: [Full GC 8551K->8486K(4020224K), 0.0119696 secs]
3.492: [GC 29468K->18881K(4020224K), 0.0015444 secs]
3.494: [Full GC 18881K->8429K(4020224K), 0.0115095 secs]
3.506: [GC 29411K->8493K(4020224K), 0.0004688 secs]
3.506: [Full GC 8493K->8473K(4020224K), 0.0149503 secs]
3.525: [GC 29455K->18841K(4020224K), 0.0018336 secs]
3.527: [Full GC 18841K->8432K(4020224K), 0.0113741 secs]
3.539: [GC 29414K->8560K(4020224K), 0.0005020 secs]
3.539: [Full GC 8560K->8495K(4020224K), 0.0131247 secs]
3.557: [GC 29477K->13743K(4020224K), 0.0013754 secs]
3.558: [Full GC 13743K->8425K(4020224K), 0.0304933 secs]
3.589: [GC 29407K->8489K(4020224K), 0.0101538 secs]
3.599: [Full GC 8489K->3337K(4020224K), 0.0123095 secs]
3.615: [GC 24319K->8553K(4020224K), 0.0014011 secs]
3.617: [Full GC 8553K->8427K(4020224K), 0.0112986 secs]
3.629: [GC 29409K->8491K(4020224K), 0.0095647 secs]
3.638: [Full GC 8491K->3337K(4020224K), 0.0116702 secs]
3.654: [GC 24318K->8585K(4020224K), 0.0017124 secs]
3.656: [Full GC 8585K->8440K(4020224K), 0.0207251 secs]
3.677: [GC 29422K->8568K(4020224K), 0.0006049 secs]
3.678: [Full GC 8568K->3407K(4020224K), 0.0126205 secs]
3.697: [GC 24389K->8772K(4020224K), 0.0036262 secs]
3.701: [Full GC 8772K->8550K(4020224K), 0.0132543 secs]
3.719: [GC 29532K->9350K(4020224K), 0.0009740 secs]
3.720: [Full GC 9350K->4156K(4020224K), 0.0140086 secs]
3.778: [GC 25139K->9649K(4020224K), 0.0013216 secs]
3.779: [Full GC 9649K->8700K(4020224K), 0.0125857 secs]
3.792: [GC 29682K->8796K(4020224K), 0.0004533 secs]
3.793: [Full GC 8796K->3639K(4020224K), 0.0128961 secs]
3.811: [GC 24620K->14039K(4020224K), 0.0016261 secs]
3.813: [Full GC 14039K->8625K(4020224K), 0.0218979 secs]
3.836: [GC 29606K->8817K(4020224K), 0.0005129 secs]
3.837: [Full GC 8817K->8727K(4020224K), 0.0285422 secs]
3.870: [GC 29709K->19125K(4020224K), 0.0016456 secs]
3.872: [Full GC 19125K->8630K(4020224K), 0.0149878 secs]
3.888: [GC 29612K->8694K(4020224K), 0.0103532 secs]
3.898: [Full GC 8694K->8668K(4020224K), 0.0168600 secs]
3.919: [GC 29650K->19066K(4020224K), 0.0017336 secs]
3.921: [Full GC 19066K->8632K(4020224K), 0.0235590 secs]
3.945: [GC 29614K->8760K(4020224K), 0.0099692 secs]
3.955: [Full GC 8760K->8699K(4020224K), 0.0231129 secs]
3.984: [GC 29682K->19067K(4020224K), 0.0018724 secs]
3.986: [Full GC 19067K->8635K(4020224K), 0.0139399 secs]
4.002: [GC 29617K->8699K(4020224K), 0.0008891 secs]
4.003: [Full GC 8699K->8664K(4020224K), 0.0155039 secs]
4.022: [GC 29646K->19032K(4020224K), 0.0017817 secs]
4.024: [Full GC 19032K->8636K(4020224K), 0.0192609 secs]
4.044: [GC 29618K->8732K(4020224K), 0.0004408 secs]
4.045: [Full GC 8732K->8666K(4020224K), 0.0149928 secs]
4.063: [GC 29648K->19066K(4020224K), 0.0058136 secs]
4.069: [Full GC 19066K->8656K(4020224K), 0.0214971 secs]
4.091: [GC 29638K->8720K(4020224K), 0.0004766 secs]
4.092: [Full GC 8720K->8687K(4020224K), 0.0152280 secs]
4.111: [GC 29669K->19119K(4020224K), 0.0015614 secs]
4.112: [Full GC 19119K->8655K(4020224K), 0.0142379 secs]
4.127: [GC 29637K->8815K(4020224K), 0.0004884 secs]
4.128: [Full GC 8815K->8723K(4020224K), 0.0249543 secs]
4.157: [GC 29705K->13971K(4020224K), 0.0013418 secs]
4.158: [Full GC 13971K->8647K(4020224K), 0.0182437 secs]
4.177: [GC 29629K->8711K(4020224K), 0.0005030 secs]
4.178: [Full GC 8711K->3570K(4020224K), 0.0153843 secs]
4.197: [GC 24552K->8818K(4020224K), 0.0014027 secs]
4.198: [Full GC 8818K->8650K(4020224K), 0.0351323 secs]
4.234: [GC 29632K->8746K(4020224K), 0.0005244 secs]
4.235: [Full GC 8746K->3564K(4020224K), 0.0141484 secs]
4.253: [GC 24546K->8812K(4020224K), 0.0018926 secs]
4.255: [Full GC 8812K->8665K(4020224K), 0.0149717 secs]
4.271: [GC 29647K->8761K(4020224K), 0.0104542 secs]
4.281: [Full GC 8761K->3595K(4020224K), 0.0155663 secs]
4.301: [GC 24577K->8811K(4020224K), 0.0090378 secs]
4.310: [Full GC 8811K->8668K(4020224K), 0.0144731 secs]
4.326: [GC 29650K->8764K(4020224K), 0.0005198 secs]
4.326: [Full GC 8764K->3604K(4020224K), 0.0164086 secs]
4.347: [GC 24585K->13972K(4020224K), 0.0016056 secs]
4.348: [Full GC 13972K->8683K(4020224K), 0.0145097 secs]
4.364: [GC 29665K->8779K(4020224K), 0.0004607 secs]
4.364: [Full GC 8779K->8739K(4020224K), 0.0153001 secs]
4.383: [GC 29721K->19162K(4020224K), 0.0018150 secs]
4.385: [Full GC 19162K->8686K(4020224K), 0.0145100 secs]
4.400: [GC 29668K->8750K(4020224K), 0.0006617 secs]
4.401: [Full GC 8750K->8733K(4020224K), 0.0156608 secs]
4.421: [GC 29715K->19133K(4020224K), 0.0017003 secs]
4.422: [Full GC 19133K->8701K(4020224K), 0.0149127 secs]
4.438: [GC 29683K->8861K(4020224K), 0.0004871 secs]
4.439: [Full GC 8861K->8780K(4020224K), 0.0155769 secs]
4.459: [GC 29762K->19148K(4020224K), 0.0031105 secs]
4.462: [Full GC 19148K->8701K(4020224K), 0.0191096 secs]
4.482: [GC 29683K->8765K(4020224K), 0.0004694 secs]
4.482: [Full GC 8765K->8735K(4020224K), 0.0158121 secs]
4.502: [GC 29716K->19103K(4020224K), 0.0015543 secs]
4.503: [Full GC 19103K->8700K(4020224K), 0.0153389 secs]
4.519: [GC 29682K->8764K(4020224K), 0.0004713 secs]
4.520: [Full GC 8764K->8756K(4020224K), 0.0150873 secs]
4.539: [GC 29738K->19144K(4020224K), 0.0024559 secs]
4.542: [Full GC 19144K->8708K(4020224K), 0.0228833 secs]
4.565: [GC 29690K->8772K(4020224K), 0.0004940 secs]
4.566: [Full GC 8772K->8744K(4020224K), 0.0168121 secs]
4.588: [GC 29726K->19112K(4020224K), 0.0018022 secs]
4.590: [Full GC 19112K->8726K(4020224K), 0.0241990 secs]
4.614: [GC 29708K->8790K(4020224K), 0.0098182 secs]
4.624: [Full GC 8790K->8757K(4020224K), 0.0177566 secs]
4.646: [GC 29739K->19125K(4020224K), 0.0016335 secs]
4.647: [Full GC 19125K->8724K(4020224K), 0.0266173 secs]
4.675: [GC 29706K->8788K(4020224K), 0.0106229 secs]
4.685: [Full GC 8788K->8761K(4020224K), 0.0171678 secs]
4.706: [GC 29742K->19161K(4020224K), 0.0016786 secs]
4.708: [Full GC 19161K->8727K(4020224K), 0.0158556 secs]
4.725: [GC 29709K->8791K(4020224K), 0.0004965 secs]
4.726: [Full GC 8791K->8764K(4020224K), 0.0152923 secs]
4.745: [GC 29745K->14012K(4020224K), 0.0029390 secs]
4.748: [Full GC 14012K->8733K(4020224K), 0.0353556 secs]
4.786: [GC 29715K->8893K(4020224K), 0.0005036 secs]
4.786: [Full GC 8893K->3665K(4020224K), 0.0160609 secs]
4.806: [GC 24646K->14079K(4020224K), 0.0018022 secs]
4.807: [Full GC 14079K->8762K(4020224K), 0.0155604 secs]
4.824: [GC 29744K->8922K(4020224K), 0.0016090 secs]
4.825: [Full GC 8922K->8862K(4020224K), 0.0155045 secs]
4.845: [GC 29844K->19198K(4020224K), 0.0016823 secs]
4.847: [Full GC 19198K->8739K(4020224K), 0.0157431 secs]
4.863: [GC 29721K->8835K(4020224K), 0.0005182 secs]
4.864: [Full GC 8835K->8771K(4020224K), 0.0162523 secs]
4.883: [GC 29753K->19139K(4020224K), 0.0014682 secs]
4.885: [Full GC 19139K->8752K(4020224K), 0.0226189 secs]
4.908: [GC 29734K->8880K(4020224K), 0.0005586 secs]
4.909: [Full GC 8880K->8835K(4020224K), 0.0263010 secs]
4.939: [GC 29817K->14019K(4020224K), 0.0021809 secs]
4.941: [Full GC 14019K->8747K(4020224K), 0.0137054 secs]
4.955: [GC 29729K->8811K(4020224K), 0.0004831 secs]
4.956: [Full GC 8811K->3667K(4020224K), 0.0152007 secs]
4.974: [GC 24649K->8883K(4020224K), 0.0119880 secs]
4.986: [Full GC 8883K->8753K(4020224K), 0.0241179 secs]
5.011: [GC 29735K->8817K(4020224K), 0.0029728 secs]
5.014: [Full GC 8817K->3668K(4020224K), 0.0122912 secs]
5.030: [GC 24650K->14036K(4020224K), 0.0016003 secs]
5.031: [Full GC 14036K->8768K(4020224K), 0.0141969 secs]
5.046: [GC 29750K->8832K(4020224K), 0.0004632 secs]
5.047: [Full GC 8832K->8811K(4020224K), 0.0232313 secs]
5.073: [GC 29793K->19179K(4020224K), 0.0109587 secs]
5.084: [Full GC 19179K->8771K(4020224K), 0.0219479 secs]
5.107: [GC 29753K->8835K(4020224K), 0.0103554 secs]
5.117: [Full GC 8835K->8813K(4020224K), 0.0138449 secs]
5.135: [GC 29794K->19181K(4020224K), 0.0014195 secs]
5.136: [Full GC 19181K->8773K(4020224K), 0.0136240 secs]
5.150: [GC 29755K->8837K(4020224K), 0.0004887 secs]
5.151: [Full GC 8837K->8816K(4020224K), 0.0136349 secs]
5.168: [GC 29798K->19240K(4020224K), 0.0014571 secs]
5.169: [Full GC 19240K->8776K(4020224K), 0.0138278 secs]
5.184: [GC 29758K->8840K(4020224K), 0.0010610 secs]
5.185: [Full GC 8840K->8821K(4020224K), 0.0150102 secs]
5.204: [GC 29802K->14037K(4020224K), 0.0105101 secs]
5.214: [Full GC 14037K->8766K(4020224K), 0.0242462 secs]
5.239: [GC 29748K->8862K(4020224K), 0.0004828 secs]
5.240: [Full GC 8862K->3698K(4020224K), 0.0134183 secs]
5.258: [GC 24679K->8991K(4020224K), 0.0063132 secs]
5.264: [Full GC 8991K->8807K(4020224K), 0.0142618 secs]
5.279: [GC 29789K->8935K(4020224K), 0.0004881 secs]
5.280: [Full GC 8935K->3748K(4020224K), 0.0247384 secs]
5.309: [GC 24730K->9042K(4020224K), 0.0015447 secs]
5.311: [Full GC 9042K->8809K(4020224K), 0.0205377 secs]
5.333: [GC 29791K->9097K(4020224K), 0.0005586 secs]
5.334: [Full GC 9097K->3883K(4020224K), 0.0147185 secs]
5.353: [GC 24865K->9145K(4020224K), 0.0027259 secs]
5.356: [Full GC 9145K->8843K(4020224K), 0.0229389 secs]
5.379: [GC 29825K->8939K(4020224K), 0.0099214 secs]
5.389: [Full GC 8939K->3787K(4020224K), 0.0174742 secs]
5.412: [GC 24769K->9072K(4020224K), 0.0014540 secs]
5.413: [Full GC 9072K->8843K(4020224K), 0.0140011 secs]
5.428: [GC 29825K->8907K(4020224K), 0.0004722 secs]
5.428: [Full GC 8907K->3764K(4020224K), 0.0231934 secs]
5.455: [GC 24746K->8985K(4020224K), 0.0013974 secs]
5.456: [Full GC 8985K->8921K(4020224K), 0.0125894 secs]
5.469: [GC 29903K->8985K(4020224K), 0.0004881 secs]
5.470: [Full GC 8985K->3849K(4020224K), 0.0130172 secs]
5.486: [GC 24831K->9070K(4020224K), 0.0014453 secs]
5.488: [Full GC 9070K->9007K(4020224K), 0.0236532 secs]
5.512: [GC 29989K->9071K(4020224K), 0.0099108 secs]
5.522: [Full GC 9071K->3932K(4020224K), 0.0128501 secs]
5.539: [GC 24913K->9152K(4020224K), 0.0015403 secs]
5.540: [Full GC 9152K->9089K(4020224K), 0.0139688 secs]
5.555: [GC 30070K->9153K(4020224K), 0.0004834 secs]
5.555: [Full GC 9153K->4018K(4020224K), 0.0175062 secs]
5.575: [GC 25000K->9239K(4020224K), 0.0012595 secs]
5.577: [Full GC 9239K->9175K(4020224K), 0.0134106 secs]
5.591: [GC 30157K->9271K(4020224K), 0.0010454 secs]
5.592: [Full GC 9271K->4105K(4020224K), 0.0121936 secs]
5.608: [GC 25087K->9326K(4020224K), 0.0013123 secs]
5.609: [Full GC 9326K->9262K(4020224K), 0.0220050 secs]
5.632: [GC 30244K->9326K(4020224K), 0.0100857 secs]
5.642: [Full GC 9326K->4192K(4020224K), 0.0200726 secs]
5.666: [GC 25174K->9413K(4020224K), 0.0013747 secs]
5.668: [Full GC 9413K->9349K(4020224K), 0.0222797 secs]
5.691: [GC 30331K->9413K(4020224K), 0.0004878 secs]
5.691: [Full GC 9413K->4279K(4020224K), 0.0131664 secs]
5.707: [GC 25261K->9500K(4020224K), 0.0014123 secs]
5.709: [Full GC 9500K->9436K(4020224K), 0.0127038 secs]
5.722: [GC 30418K->9500K(4020224K), 0.0011563 secs]
5.723: [Full GC 9500K->4366K(4020224K), 0.0116338 secs]
5.739: [GC 25348K->9586K(4020224K), 0.0014766 secs]
5.741: [Full GC 9586K->9523K(4020224K), 0.0140636 secs]
5.755: [GC 30505K->9587K(4020224K), 0.0097604 secs]
5.765: [Full GC 9587K->4453K(4020224K), 0.0137088 secs]
5.782: [GC 25435K->9673K(4020224K), 0.0013837 secs]
5.784: [Full GC 9673K->9610K(4020224K), 0.0143783 secs]
5.799: [GC 30592K->9674K(4020224K), 0.0010697 secs]
5.800: [Full GC 9674K->4540K(4020224K), 0.0123853 secs]
5.817: [GC 25522K->14908K(4020224K), 0.0099642 secs]
5.827: [Full GC 14908K->8840K(4020224K), 0.0186752 secs]
5.847: [GC 29822K->8904K(4020224K), 0.0005002 secs]
5.847: [Full GC 8904K->8874K(4020224K), 0.0220299 secs]
5.875: [GC 29855K->19236K(4020224K), 0.0032782 secs]
5.878: [Full GC 19236K->8860K(4020224K), 0.0139024 secs]
5.893: [GC 29841K->8956K(4020224K), 0.0005340 secs]
5.893: [Full GC 8956K->8894K(4020224K), 0.0134665 secs]
5.911: [GC 29876K->19230K(4020224K), 0.0048972 secs]
5.916: [Full GC 19230K->8861K(4020224K), 0.0222654 secs]
5.939: [GC 29843K->8925K(4020224K), 0.0005300 secs]
5.939: [Full GC 8925K->8896K(4020224K), 0.0129750 secs]
5.957: [GC 29878K->19259K(4020224K), 0.0017991 secs]
5.959: [Full GC 19259K->8866K(4020224K), 0.0240359 secs]
5.984: [GC 29848K->8994K(4020224K), 0.0011781 secs]
5.985: [Full GC 8994K->8965K(4020224K), 0.0143413 secs]
6.004: [GC 29946K->19333K(4020224K), 0.0018115 secs]
6.006: [Full GC 19333K->8892K(4020224K), 0.0359720 secs]
6.043: [GC 29874K->8988K(4020224K), 0.0042631 secs]
6.047: [Full GC 8988K->8926K(4020224K), 0.0304669 secs]
6.082: [GC 29908K->19326K(4020224K), 0.0016267 secs]
6.083: [Full GC 19326K->8900K(4020224K), 0.0209665 secs]
6.105: [GC 29882K->9028K(4020224K), 0.0006397 secs]
6.106: [Full GC 9028K->9000K(4020224K), 0.0224953 secs]
6.133: [GC 29981K->19688K(4020224K), 0.0016025 secs]
6.135: [Full GC 19688K->9255K(4020224K), 0.0257673 secs]
6.163: [GC 30237K->9895K(4020224K), 0.0109370 secs]
6.174: [Full GC 9895K->9830K(4020224K), 0.0177591 secs]
6.199: [GC 30813K->20582K(4020224K), 0.0021682 secs]
6.202: [Full GC 20582K->9335K(4020224K), 0.0360074 secs]
6.247: [GC 30317K->9591K(4020224K), 0.0153336 secs]
6.262: [Full GC 9591K->9552K(4020224K), 0.0499011 secs]
6.316: [GC 30533K->20208K(4020224K), 0.0303457 secs]
6.346: [Full GC 20208K->9357K(4020224K), 0.0159556 secs]
6.373: [GC 30339K->11181K(4020224K), 0.0015925 secs]
6.375: [Full GC 11181K->11150K(4020224K), 0.0171296 secs]
6.406: [GC 32132K->22062K(4020224K), 0.0021377 secs]
6.408: [Full GC 22062K->9622K(4020224K), 0.0173021 secs]
6.427: [GC 30604K->9782K(4020224K), 0.0104303 secs]
6.437: [Full GC 9782K->9737K(4020224K), 0.0164735 secs]
6.458: [GC 30719K->20425K(4020224K), 0.0042239 secs]
6.462: [Full GC 20425K->9629K(4020224K), 0.0155955 secs]
6.479: [GC 30611K->9789K(4020224K), 0.0008043 secs]
6.480: [Full GC 9789K->9763K(4020224K), 0.0169553 secs]
6.501: [GC 30745K->20170K(4020224K), 0.0018818 secs]
6.503: [Full GC 20170K->9327K(4020224K), 0.0141562 secs]
6.518: [GC 30309K->9423K(4020224K), 0.0098024 secs]
6.528: [Full GC 9423K->9369K(4020224K), 0.0230129 secs]
6.555: [GC 30351K->19744K(4020224K), 0.0017774 secs]
6.557: [Full GC 19744K->9330K(4020224K), 0.0150472 secs]
6.573: [GC 30312K->9426K(4020224K), 0.0142637 secs]
6.587: [Full GC 9426K->9374K(4020224K), 0.0196169 secs]
6.611: [GC 30355K->14590K(4020224K), 0.0120144 secs]
6.623: [Full GC 14590K->9319K(4020224K), 0.0140387 secs]
6.638: [GC 30301K->9447K(4020224K), 0.0012126 secs]
6.639: [Full GC 9447K->4297K(4020224K), 0.0143879 secs]
6.658: [GC 25279K->14671K(4020224K), 0.0113104 secs]
6.669: [Full GC 14671K->9343K(4020224K), 0.0148574 secs]
6.686: [GC 30325K->9503K(4020224K), 0.0010600 secs]
6.687: [Full GC 9503K->9460K(4020224K), 0.0137977 secs]
6.706: [GC 30441K->19834K(4020224K), 0.0034603 secs]
6.709: [Full GC 19834K->9364K(4020224K), 0.0129865 secs]
6.723: [GC 30346K->9460K(4020224K), 0.0004700 secs]
6.724: [Full GC 9460K->9401K(4020224K), 0.0132931 secs]
6.741: [GC 30383K->14617K(4020224K), 0.0014875 secs]
6.742: [Full GC 14617K->9350K(4020224K), 0.0137197 secs]
6.757: [GC 30332K->9446K(4020224K), 0.0005005 secs]
6.757: [Full GC 9446K->4290K(4020224K), 0.0141562 secs]
6.776: [GC 25272K->14664K(4020224K), 0.0022527 secs]
6.778: [Full GC 14664K->9372K(4020224K), 0.0137076 secs]
6.793: [GC 30354K->9532K(4020224K), 0.0005601 secs]
6.793: [Full GC 9532K->9468K(4020224K), 0.0129290 secs]
6.810: [GC 30450K->19875K(4020224K), 0.0016034 secs]
6.812: [Full GC 19875K->9387K(4020224K), 0.0137228 secs]
6.826: [GC 30369K->9483K(4020224K), 0.0004657 secs]
6.827: [Full GC 9483K->9425K(4020224K), 0.0141301 secs]
6.845: [GC 30407K->20406K(4020224K), 0.0015329 secs]
6.846: [Full GC 20406K->9941K(4020224K), 0.0157046 secs]
6.870: [GC 30923K->13045K(4020224K), 0.0017395 secs]
6.872: [Full GC 13045K->12950K(4020224K), 0.0176705 secs]
6.912: [GC 33932K->24699K(4020224K), 0.0026967 secs]
6.914: [Full GC 24699K->10341K(4020224K), 0.0138651 secs]
6.933: [GC 31323K->11909K(4020224K), 0.0011650 secs]
6.935: [Full GC 11909K->11856K(4020224K), 0.0156353 secs]
6.959: [GC 32838K->22529K(4020224K), 0.0027815 secs]
6.962: [Full GC 22529K->10028K(4020224K), 0.0136532 secs]
6.977: [GC 31010K->10252K(4020224K), 0.0005527 secs]
6.977: [Full GC 10252K->10202K(4020224K), 0.0149434 secs]
6.997: [GC 31184K->20620K(4020224K), 0.0032910 secs]
7.000: [Full GC 20620K->10058K(4020224K), 0.0143799 secs]
7.016: [GC 31040K->10154K(4020224K), 0.0010432 secs]
7.017: [Full GC 10154K->10137K(4020224K), 0.0153470 secs]
7.036: [GC 31119K->20554K(4020224K), 0.0017668 secs]
7.038: [Full GC 20554K->10075K(4020224K), 0.0138359 secs]
7.053: [GC 31057K->10171K(4020224K), 0.0005682 secs]
7.054: [Full GC 10171K->10155K(4020224K), 0.0140105 secs]
7.072: [GC 31137K->20540K(4020224K), 0.0104834 secs]
7.083: [Full GC 20540K->10090K(4020224K), 0.0241005 secs]
7.108: [GC 31072K->10186K(4020224K), 0.0005744 secs]
7.108: [Full GC 10186K->10129K(4020224K), 0.0233748 secs]
7.135: [GC 31111K->20515K(4020224K), 0.0104694 secs]
7.146: [Full GC 20515K->10094K(4020224K), 0.0153414 secs]
7.162: [GC 31076K->10190K(4020224K), 0.0007997 secs]
7.163: [Full GC 10190K->10153K(4020224K), 0.0138250 secs]
7.182: [GC 31135K->20526K(4020224K), 0.0095495 secs]
7.192: [Full GC 20526K->10103K(4020224K), 0.0273614 secs]
7.220: [GC 31085K->10199K(4020224K), 0.0090624 secs]
7.229: [Full GC 10199K->10139K(4020224K), 0.0254327 secs]
7.258: [GC 31121K->20544K(4020224K), 0.0017488 secs]
7.260: [Full GC 20544K->10106K(4020224K), 0.0253513 secs]
7.286: [GC 31088K->10234K(4020224K), 0.0014754 secs]
7.288: [Full GC 10234K->10203K(4020224K), 0.0157512 secs]
7.308: [GC 31185K->20607K(4020224K), 0.0018616 secs]
7.310: [Full GC 20607K->10119K(4020224K), 0.0139067 secs]
7.325: [GC 31101K->10279K(4020224K), 0.0005375 secs]
7.325: [Full GC 10279K->10225K(4020224K), 0.0140266 secs]
7.344: [GC 31206K->20593K(4020224K), 0.0017513 secs]
7.346: [Full GC 20593K->10122K(4020224K), 0.0152410 secs]
7.362: [GC 31104K->10186K(4020224K), 0.0060768 secs]
7.368: [Full GC 10186K->10162K(4020224K), 0.0326649 secs]
7.405: [GC 31145K->20532K(4020224K), 0.0063958 secs]
7.411: [Full GC 20532K->10157K(4020224K), 0.0136032 secs]
7.425: [GC 31138K->10253K(4020224K), 0.0027619 secs]
7.428: [Full GC 10253K->10194K(4020224K), 0.0160258 secs]
7.448: [GC 31176K->20563K(4020224K), 0.0043327 secs]
7.452: [Full GC 20563K->10148K(4020224K), 0.0156045 secs]
7.468: [GC 31130K->10212K(4020224K), 0.0005101 secs]
7.469: [Full GC 10212K->10197K(4020224K), 0.0158758 secs]
7.488: [GC 31179K->20599K(4020224K), 0.0015739 secs]
7.490: [Full GC 20599K->10151K(4020224K), 0.0144299 secs]
7.505: [GC 31133K->10247K(4020224K), 0.0011038 secs]
7.506: [Full GC 10247K->10202K(4020224K), 0.0156738 secs]
7.525: [GC 31184K->20572K(4020224K), 0.0113530 secs]
7.536: [Full GC 20572K->10154K(4020224K), 0.0393124 secs]
7.576: [GC 31136K->10250K(4020224K), 0.0301267 secs]
7.607: [Full GC 10250K->10202K(4020224K), 0.0392720 secs]
7.650: [GC 31184K->20572K(4020224K), 0.0020713 secs]
7.652: [Full GC 20572K->10157K(4020224K), 0.0273654 secs]
7.681: [GC 31139K->10253K(4020224K), 0.0019731 secs]
7.683: [Full GC 10253K->10206K(4020224K), 0.0240595 secs]
7.710: [GC 31188K->20576K(4020224K), 0.0038176 secs]
7.714: [Full GC 20576K->10160K(4020224K), 0.0147424 secs]
7.730: [GC 31142K->10256K(4020224K), 0.0006826 secs]
7.731: [Full GC 10256K->10207K(4020224K), 0.0164775 secs]
7.751: [GC 31189K->20609K(4020224K), 0.0015829 secs]
7.752: [Full GC 20609K->10163K(4020224K), 0.0151028 secs]
7.768: [GC 31144K->10227K(4020224K), 0.0005123 secs]
7.769: [Full GC 10227K->10213K(4020224K), 0.0260357 secs]
7.799: [GC 31195K->20647K(4020224K), 0.0015978 secs]
7.800: [Full GC 20647K->10166K(4020224K), 0.0148558 secs]
7.816: [GC 31148K->10294K(4020224K), 0.0007711 secs]
7.816: [Full GC 10294K->10248K(4020224K), 0.0158689 secs]
7.836: [GC 31230K->15466K(4020224K), 0.0022769 secs]
7.838: [Full GC 15466K->10174K(4020224K), 0.0150111 secs]
7.854: [GC 31156K->10270K(4020224K), 0.0102665 secs]
7.864: [Full GC 10270K->10229K(4020224K), 0.0154386 secs]
7.883: [GC 31210K->20630K(4020224K), 0.0015872 secs]
7.885: [Full GC 20630K->10180K(4020224K), 0.0141928 secs]
7.900: [GC 31162K->10244K(4020224K), 0.0005086 secs]
7.901: [Full GC 10244K->10232K(4020224K), 0.0166180 secs]
7.921: [GC 31214K->20602K(4020224K), 0.0017566 secs]
7.922: [Full GC 20602K->10184K(4020224K), 0.0357782 secs]
7.959: [GC 31166K->10280K(4020224K), 0.0056223 secs]
7.964: [Full GC 10280K->10231K(4020224K), 0.0152746 secs]
7.984: [GC 31213K->20567K(4020224K), 0.0017951 secs]
7.986: [Full GC 20567K->10175K(4020224K), 0.0449797 secs]
8.032: [GC 31157K->10239K(4020224K), 0.0004896 secs]
8.032: [Full GC 10239K->10213K(4020224K), 0.0255191 secs]
8.062: [GC 31195K->20581K(4020224K), 0.0017255 secs]
8.064: [Full GC 20581K->10174K(4020224K), 0.0225667 secs]
8.087: [GC 31156K->10238K(4020224K), 0.0005033 secs]
8.088: [Full GC 10238K->10201K(4020224K), 0.0237784 secs]
8.115: [GC 31183K->20569K(4020224K), 0.0015701 secs]
8.116: [Full GC 20569K->10174K(4020224K), 0.0148825 secs]
8.132: [GC 31156K->10238K(4020224K), 0.0005207 secs]
8.133: [Full GC 10238K->10204K(4020224K), 0.0163964 secs]
8.152: [GC 31186K->20572K(4020224K), 0.0101858 secs]
8.162: [Full GC 20572K->10177K(4020224K), 0.0243609 secs]
8.187: [GC 31159K->10241K(4020224K), 0.0004819 secs]
8.188: [Full GC 10241K->10206K(4020224K), 0.0164219 secs]
8.208: [GC 31188K->20574K(4020224K), 0.0018659 secs]
8.210: [Full GC 20574K->10191K(4020224K), 0.0306278 secs]
8.241: [GC 31173K->10255K(4020224K), 0.0101985 secs]
8.251: [Full GC 10255K->10238K(4020224K), 0.0164154 secs]
8.272: [GC 31220K->20653K(4020224K), 0.0015736 secs]
8.273: [Full GC 20653K->10228K(4020224K), 0.0148971 secs]
8.289: [GC 31210K->10388K(4020224K), 0.0005191 secs]
8.289: [Full GC 10388K->10298K(4020224K), 0.0169476 secs]
8.310: [GC 31280K->20713K(4020224K), 0.0016133 secs]
8.312: [Full GC 20713K->10231K(4020224K), 0.0151746 secs]
8.328: [GC 31213K->10391K(4020224K), 0.0005104 secs]
8.329: [Full GC 10391K->10314K(4020224K), 0.0157798 secs]
8.348: [GC 31296K->20729K(4020224K), 0.0015779 secs]
8.350: [Full GC 20729K->10239K(4020224K), 0.0166369 secs]
8.367: [GC 31221K->10367K(4020224K), 0.0100593 secs]
8.377: [Full GC 10367K->10309K(4020224K), 0.0269929 secs]
8.409: [GC 31291K->20724K(4020224K), 0.0018125 secs]
8.411: [Full GC 20724K->10247K(4020224K), 0.0241975 secs]
8.436: [GC 31229K->10375K(4020224K), 0.0016665 secs]
8.437: [Full GC 10375K->10343K(4020224K), 0.0167981 secs]
8.459: [GC 31325K->15574K(4020224K), 0.0068777 secs]
8.466: [Full GC 15574K->10265K(4020224K), 0.0252065 secs]
8.492: [GC 31247K->10361K(4020224K), 0.0394522 secs]
8.532: [Full GC 10361K->10326K(4020224K), 0.0163328 secs]
8.553: [GC 31308K->20709K(4020224K), 0.0108848 secs]
8.563: [Full GC 20709K->10264K(4020224K), 0.0682454 secs]
8.632: [GC 31246K->10360K(4020224K), 0.0099841 secs]
8.642: [Full GC 10360K->10336K(4020224K), 0.0431765 secs]
8.691: [GC 31318K->20762K(4020224K), 0.0156974 secs]
8.706: [Full GC 20762K->10328K(4020224K), 0.0207263 secs]
8.728: [GC 31310K->10520K(4020224K), 0.0102516 secs]
8.738: [Full GC 10520K->10478K(4020224K), 0.0403594 secs]
8.783: [GC 31460K->20936K(4020224K), 0.0016916 secs]
8.785: [Full GC 20936K->10331K(4020224K), 0.0264868 secs]
8.812: [GC 31313K->10491K(4020224K), 0.0008860 secs]
8.813: [Full GC 10491K->10444K(4020224K), 0.0179324 secs]
8.836: [GC 31426K->20870K(4020224K), 0.0025746 secs]
8.839: [Full GC 20870K->10340K(4020224K), 0.0153106 secs]
8.855: [GC 31322K->10564K(4020224K), 0.0101702 secs]
8.865: [Full GC 10564K->10499K(4020224K), 0.0176724 secs]
8.888: [GC 31481K->20895K(4020224K), 0.0018190 secs]
8.890: [Full GC 20895K->10335K(4020224K), 0.0395109 secs]
8.930: [GC 31317K->10431K(4020224K), 0.0008764 secs]
8.931: [Full GC 10431K->10365K(4020224K), 0.0149266 secs]
8.949: [GC 31347K->20761K(4020224K), 0.0039878 secs]
8.953: [Full GC 20761K->10333K(4020224K), 0.0243081 secs]
8.978: [GC 31314K->10429K(4020224K), 0.0019762 secs]
8.980: [Full GC 10429K->10374K(4020224K), 0.0128830 secs]
8.997: [GC 31355K->20769K(4020224K), 0.0032024 secs]
9.000: [Full GC 20769K->10337K(4020224K), 0.0143224 secs]
9.016: [GC 31319K->10689K(4020224K), 0.0005580 secs]
9.016: [Full GC 10689K->10606K(4020224K), 0.0131959 secs]
9.034: [GC 31588K->21066K(4020224K), 0.0015816 secs]
9.035: [Full GC 21066K->10374K(4020224K), 0.0346759 secs]
9.071: [GC 31356K->10438K(4020224K), 0.0005154 secs]
9.071: [Full GC 10438K->10416K(4020224K), 0.0146237 secs]
9.090: [GC 31398K->20784K(4020224K), 0.0017292 secs]
9.091: [Full GC 20784K->10334K(4020224K), 0.0333738 secs]
9.125: [GC 31316K->10398K(4020224K), 0.0005368 secs]
9.126: [Full GC 10398K->10359K(4020224K), 0.0248549 secs]
9.154: [GC 31341K->20727K(4020224K), 0.0018849 secs]
9.156: [Full GC 20727K->10333K(4020224K), 0.0131828 secs]
9.170: [GC 31315K->10365K(4020224K), 0.0009712 secs]
9.171: [Full GC 10365K->10361K(4020224K), 0.0128088 secs]
9.188: [GC 31343K->20796K(4020224K), 0.0020191 secs]
9.190: [Full GC 20796K->10428K(4020224K), 0.0194181 secs]
9.211: [GC 31409K->11164K(4020224K), 0.0006695 secs]
9.211: [Full GC 11164K->11099K(4020224K), 0.0149723 secs]
9.232: [GC 32081K->21695K(4020224K), 0.0015714 secs]
9.234: [Full GC 21695K->10503K(4020224K), 0.0131157 secs]
9.247: [GC 31485K->10599K(4020224K), 0.0004750 secs]
9.248: [Full GC 10599K->10562K(4020224K), 0.0144727 secs]
9.266: [GC 31543K->21029K(4020224K), 0.0015096 secs]
9.267: [Full GC 21029K->10507K(4020224K), 0.0132844 secs]
9.281: [GC 31489K->10603K(4020224K), 0.0004713 secs]
9.282: [Full GC 10603K->10560K(4020224K), 0.0139440 secs]
9.298: [GC 31542K->20996K(4020224K), 0.0014931 secs]
9.300: [Full GC 20996K->10507K(4020224K), 0.0136085 secs]
9.314: [GC 31489K->10603K(4020224K), 0.0004669 secs]
9.315: [Full GC 10603K->10564K(4020224K), 0.0141077 secs]
9.568: [GC 31546K->19448K(4020224K), 0.0027700 secs]
9.571: [Full GC 19448K->13923K(4020224K), 0.0528245 secs]
9.625: [GC 34905K->14179K(4020224K), 0.0006763 secs]
9.625: [Full GC 14179K->13181K(4020224K), 0.0218441 secs]
9.652: [GC 34163K->23653K(4020224K), 0.0016205 secs]
9.654: [Full GC 23653K->11829K(4020224K), 0.0266353 secs]
9.681: [GC 32811K->12053K(4020224K), 0.0005847 secs]
9.682: [Full GC 12053K->11999K(4020224K), 0.0229877 secs]
9.709: [GC 32981K->22471K(4020224K), 0.0015742 secs]
9.710: [Full GC 22471K->11848K(4020224K), 0.0168510 secs]
9.728: [GC 32830K->12040K(4020224K), 0.0006248 secs]
9.729: [Full GC 12040K->12023K(4020224K), 0.0192894 secs]
9.751: [GC 33005K->22463K(4020224K), 0.0109876 secs]
9.763: [Full GC 22463K->11872K(4020224K), 0.0175015 secs]
9.781: [GC 32854K->12096K(4020224K), 0.0005918 secs]
9.781: [Full GC 12096K->12047K(4020224K), 0.0192929 secs]
9.804: [GC 33029K->22487K(4020224K), 0.0015934 secs]
9.806: [Full GC 22487K->11896K(4020224K), 0.0180169 secs]
9.825: [GC 32878K->12120K(4020224K), 0.0005316 secs]
9.825: [Full GC 12120K->12071K(4020224K), 0.0200894 secs]
9.849: [GC 33053K->22543K(4020224K), 0.0015689 secs]
9.851: [Full GC 22543K->11920K(4020224K), 0.0177898 secs]
9.869: [GC 32902K->12144K(4020224K), 0.0005247 secs]
9.870: [Full GC 12144K->12095K(4020224K), 0.0171306 secs]
229.248: [GC 1061183K->23177K(4020224K), 0.0143687 secs]
372.059: [GC 1072265K->20388K(4020224K), 0.0113965 secs]
535.889: [GC 1069476K->20619K(4020224K), 0.0100009 secs]
677.026: [GC 1069707K->20675K(4020224K), 0.0110960 secs]
816.051: [GC 1069763K->20620K(4020224K), 0.0110202 secs]
962.890: [GC 1069708K->20651K(4176384K), 0.0113648 secs]
1165.768: [GC 1382059K->20844K(4176384K), 0.0150466 secs]
1346.439: [GC 1382252K->20897K(4176896K), 0.0043883 secs]
1554.615: [GC 1383329K->20921K(4176896K), 0.0045650 secs]
1741.702: [GC 1383353K->20913K(4177920K), 0.0044905 secs]
1925.474: [GC 1384881K->20937K(4177408K), 0.0044700 secs]
2137.157: [GC 1384905K->21193K(4178944K), 0.0042920 secs]
2317.120: [GC 1387209K->21329K(4178432K), 0.0045107 secs]
2525.578: [GC 1387345K->21465K(4180480K), 0.0038663 secs]
2702.808: [GC 1390553K->21561K(4179968K), 0.0021962 secs]
2889.382: [GC 1390649K->21905K(4181504K), 0.0042792 secs]
3100.188: [GC 1393041K->22065K(4180992K), 0.0027401 secs]
3283.381: [GC 1393201K->22353K(4183040K), 0.0045520 secs]
